================================================================================
ORCHESTRATOR L3-L7 EVALUATION
================================================================================
Start time: 2025-11-13 16:33:19
Team: default (orchestrator → architect + task_executor)
Stops at: 4 TRUE failures (timeouts/errors)
================================================================================

Tasks to run:
  L3: 6 tasks
    - bubble_sort: Implement bubble sort
    - binary_search: Implement binary search
    - json_parser: JSON file reader/writer
    - csv_processor: CSV data processing
    - cache_decorator: Memoization decorator
    - linked_list: Linked list data structure
  L4: 6 tasks
    - rest_api_mock: Mock REST API with Flask
    - sqlite_manager: SQLite database wrapper
    - async_downloader: Async file downloader
    - test_framework_basic: Mini testing framework
    - command_parser: CLI argument parser
    - config_loader: Configuration file loader
  L5: 5 tasks
    - blog_system: Simple blog with posts and comments
    - todo_app: Todo application with categories
    - inventory_system: Product inventory manager
    - url_shortener: URL shortener service
    - email_validator_service: Email validation and verification
  L6: 5 tasks
    - observer_pattern: Implement observer design pattern
    - factory_pattern: Implement factory design pattern
    - dependency_injection: Dependency injection container
    - plugin_system: Plugin architecture
    - event_bus: Event-driven architecture
  L7: 4 tasks
    - rate_limiter: Production-grade rate limiter
    - connection_pool: Database connection pooling
    - circuit_breaker: Circuit breaker pattern
    - distributed_cache: Distributed caching system

Total: 26 tasks

Running in non-interactive mode, proceeding automatically...


################################################################################
# Task 1/26
################################################################################

================================================================================
Running: L3 - bubble_sort
Description: Implement bubble sort
Workspace: /tmp/orch_L3_bubble_sort_vi81grhg
================================================================================

Command: /usr/local/bin/python3 /workspace/agent.py --team default --workspace /tmp/orch_L3_bubble_sort_vi81grhg Create sorting.py with bubble_sort(lst) function that sorts a list in ascending order
Timeout: 8 minutes
Starting at: 16:33:19


❌ L3 - bubble_sort: FAILED
   Duration: 336.4s
   Agent exit: ✓ (code 0)
   Files: ✗ (0/1)
   Validation: ✗ (0/1)
   Missing files: sorting.py
   Failed validations:
      - python -c from sorting import bubble_sort; assert bubble_sort([3,1,4,1,5,9,2,6])==[1,1,2,3,4,5,6,9]
Results saved to: evaluation_results/orchestrator_l3_l7_incremental.json

⚠️  True failure count: 1/4 (agent didn't complete work)


################################################################################
# Task 2/26
################################################################################

================================================================================
Running: L3 - binary_search
Description: Implement binary search
Workspace: /tmp/orch_L3_binary_search_95lcv_9j
================================================================================

Command: /usr/local/bin/python3 /workspace/agent.py --team default --workspace /tmp/orch_L3_binary_search_95lcv_9j Create search.py with binary_search(lst, target) that returns index of target or -1
Timeout: 8 minutes
Starting at: 16:38:55


❌ L3 - binary_search: FAILED
   Duration: 348.6s
   Agent exit: ✓ (code 0)
   Files: ✗ (0/1)
   Validation: ✗ (0/1)
   Missing files: search.py
   Failed validations:
      - python -c from search import binary_search; assert binary_search([1,2,3,4,5], 3)==2; assert binary_search([1,2,3,4,5], 6)==-1
Results saved to: evaluation_results/orchestrator_l3_l7_incremental.json

⚠️  True failure count: 2/4 (agent didn't complete work)


################################################################################
# Task 3/26
################################################################################

================================================================================
Running: L3 - json_parser
Description: JSON file reader/writer
Workspace: /tmp/orch_L3_json_parser_7fuqd0ht
================================================================================

Command: /usr/local/bin/python3 /workspace/agent.py --team default --workspace /tmp/orch_L3_json_parser_7fuqd0ht Create json_utils.py with: load_json(path), save_json(path, data), get_value(data, key)
Timeout: 8 minutes
Starting at: 16:44:44


❌ L3 - json_parser: FAILED
   Duration: 441.6s
   Agent exit: ✓ (code 0)
   Files: ✗ (0/1)
   Validation: ✗ (0/1)
   Missing files: json_utils.py
   Failed validations:
      - python -c from json_utils import save_json, load_json; save_json('test.json', {'name':'Alice'}); data=load_json('test.json'); assert data['name']=='Alice'
Results saved to: evaluation_results/orchestrator_l3_l7_incremental.json

⚠️  True failure count: 3/4 (agent didn't complete work)


################################################################################
# Task 4/26
################################################################################

================================================================================
Running: L3 - csv_processor
Description: CSV data processing
Workspace: /tmp/orch_L3_csv_processor_q23pbf42
================================================================================

Command: /usr/local/bin/python3 /workspace/agent.py --team default --workspace /tmp/orch_L3_csv_processor_q23pbf42 Create csv_utils.py with: read_csv(path), write_csv(path, rows), filter_rows(rows, condition)
Timeout: 8 minutes
Starting at: 16:52:05


❌ L3 - csv_processor: FAILED
   Duration: 440.0s
   Agent exit: ✓ (code 0)
   Files: ✗ (0/1)
   Validation: ✗ (0/1)
   Missing files: csv_utils.py
   Failed validations:
      - python -c from csv_utils import write_csv, read_csv; write_csv('test.csv', [['name','age'],['Alice','30']]); rows=read_csv('test.csv'); assert len(rows)==2
Results saved to: evaluation_results/orchestrator_l3_l7_incremental.json

⚠️  True failure count: 4/4 (agent didn't complete work)

================================================================================
STOPPING: True failure count (4) reached threshold (4)
================================================================================

================================================================================
ORCHESTRATOR L3-L7 EVALUATION SUMMARY
================================================================================

Level 3:
  Success: 0/4 (0.0%)
  Tasks:
    ❌ bubble_sort (336.4s)
    ❌ binary_search (348.6s)
    ❌ json_parser (441.6s)
    ❌ csv_processor (440.0s)

================================================================================
OVERALL: 0/4 (0.0%) tasks successful
================================================================================

Results saved to: evaluation_results/orchestrator_l5_l7_20251113_165925.json

Evaluation complete!
Success rate: 0.0%
