================================================================================
ORCHESTRATOR L5-L7 EVALUATION
================================================================================
Start time: 2025-11-12 02:42:16
Team: default (orchestrator → architect + task_executor)
================================================================================

Tasks to run:
  L5: 5 tasks
    - blog_system: Simple blog with posts and comments
    - todo_app: Todo application with categories
    - inventory_system: Product inventory manager
    - url_shortener: URL shortener service
    - email_validator_service: Email validation and verification
  L6: 5 tasks
    - observer_pattern: Implement observer design pattern
    - factory_pattern: Implement factory design pattern
    - dependency_injection: Dependency injection container
    - plugin_system: Plugin architecture
    - event_bus: Event-driven architecture
  L7: 4 tasks
    - rate_limiter: Production-grade rate limiter
    - connection_pool: Database connection pooling
    - circuit_breaker: Circuit breaker pattern
    - distributed_cache: Distributed caching system

Total: 14 tasks

Running in non-interactive mode, proceeding automatically...


################################################################################
# Task 1/14
################################################################################

================================================================================
Running: L5 - blog_system
Description: Simple blog with posts and comments
Workspace: /tmp/orch_L5_blog_system_i9ke645d
================================================================================

Command: /usr/local/bin/python /workspace/agent.py --team default --workspace /tmp/orch_L5_blog_system_i9ke645d Create blog system: Post model, Comment model, BlogManager with CRUD operations, persistence to JSON
Timeout: 12 minutes
Starting at: 02:42:16


❌ L5 - blog_system: FAILED
   Duration: 369.8s
   Agent exit: ✓ (code 0)
   Files: ✗ (0/3)
   Validation: ✗ (0/1)
   Missing files: blog.py, models.py, storage.py
   Failed validations:
      - python -c from blog import BlogManager; bm=BlogManager(); bm.create_post('Title', 'Content'); assert len(bm.get_posts())==1

⚠️  Failure count: 1/4
Results saved to: evaluation_results/orchestrator_l5_l7_incremental.json


################################################################################
# Task 2/14
################################################################################

================================================================================
Running: L5 - todo_app
Description: Todo application with categories
Workspace: /tmp/orch_L5_todo_app_6rrj6jg1
================================================================================

Command: /usr/local/bin/python /workspace/agent.py --team default --workspace /tmp/orch_L5_todo_app_6rrj6jg1 Create todo app: Todo model, Category model, TodoManager with filtering, sorting, and JSON persistence
Timeout: 12 minutes
Starting at: 02:48:26


❌ L5 - todo_app: FAILED
   Duration: 439.7s
   Agent exit: ✓ (code 0)
   Files: ✗ (0/3)
   Validation: ✗ (0/1)
   Missing files: todo.py, models.py, manager.py
   Failed validations:
      - python -c from todo import TodoManager; tm=TodoManager(); tm.add_todo('Task 1', 'work'); assert len(tm.get_todos())==1

⚠️  Failure count: 2/4
Results saved to: evaluation_results/orchestrator_l5_l7_incremental.json


################################################################################
# Task 3/14
################################################################################

================================================================================
Running: L5 - inventory_system
Description: Product inventory manager
Workspace: /tmp/orch_L5_inventory_system_bs5z1_g1
================================================================================

Command: /usr/local/bin/python /workspace/agent.py --team default --workspace /tmp/orch_L5_inventory_system_bs5z1_g1 Create inventory system: Product model, Inventory class with add/remove/search, low-stock alerts, CSV export
Timeout: 12 minutes
Starting at: 02:55:46


❌ L5 - inventory_system: FAILED
   Duration: 288.2s
   Agent exit: ✓ (code 0)
   Files: ✗ (0/3)
   Validation: ✗ (0/1)
   Missing files: inventory.py, product.py, alerts.py
   Failed validations:
      - python -c from inventory import Inventory; inv=Inventory(); inv.add_product('Widget', 10, 2.5); assert len(inv.get_products())==1

⚠️  Failure count: 3/4
Results saved to: evaluation_results/orchestrator_l5_l7_incremental.json


################################################################################
# Task 4/14
################################################################################

================================================================================
Running: L5 - url_shortener
Description: URL shortener service
Workspace: /tmp/orch_L5_url_shortener_bib5rq7j
================================================================================

Command: /usr/local/bin/python /workspace/agent.py --team default --workspace /tmp/orch_L5_url_shortener_bib5rq7j Create URL shortener: generate short codes, store mappings, redirect lookup, statistics tracking
Timeout: 12 minutes
Starting at: 03:00:34


❌ L5 - url_shortener: FAILED
   Duration: 413.8s
   Agent exit: ✓ (code 0)
   Files: ✗ (0/3)
   Validation: ✗ (0/1)
   Missing files: shortener.py, storage.py, stats.py
   Failed validations:
      - python -c from shortener import URLShortener; us=URLShortener(); short=us.shorten('https://example.com'); assert len(short)<20

⚠️  Failure count: 4/4
Results saved to: evaluation_results/orchestrator_l5_l7_incremental.json


################################################################################
# Task 5/14
################################################################################

================================================================================
Running: L5 - email_validator_service
Description: Email validation and verification
Workspace: /tmp/orch_L5_email_validator_service_itnzxdan
================================================================================

Command: /usr/local/bin/python /workspace/agent.py --team default --workspace /tmp/orch_L5_email_validator_service_itnzxdan Create email service: syntax validation, domain verification, disposable email detection, bulk validation
Timeout: 12 minutes
Starting at: 03:07:28


❌ L5 - email_validator_service: FAILED
   Duration: 582.2s
   Agent exit: ✓ (code 0)
   Files: ✗ (0/3)
   Validation: ✗ (0/1)
   Missing files: email_service.py, validators.py, blacklist.py
   Failed validations:
      - python -c from email_service import EmailValidator; ev=EmailValidator(); assert ev.validate('test@example.com')

⚠️  Failure count: 5/4
Results saved to: evaluation_results/orchestrator_l5_l7_incremental.json

================================================================================
STOPPING: Failure count (5) exceeded threshold (4)
================================================================================

================================================================================
ORCHESTRATOR L5-L7 EVALUATION SUMMARY
================================================================================

Level 5:
  Success: 0/5 (0.0%)
  Tasks:
    ❌ blog_system (369.8s)
    ❌ todo_app (439.7s)
    ❌ inventory_system (288.2s)
    ❌ url_shortener (413.8s)
    ❌ email_validator_service (582.2s)

================================================================================
OVERALL: 0/5 (0.0%) tasks successful
================================================================================

Results saved to: evaluation_results/orchestrator_l5_l7_20251112_031710.json

Evaluation complete!
Success rate: 0.0%
