================================================================================
ORCHESTRATOR L3-L7 EVALUATION
================================================================================
Start time: 2025-11-13 17:08:38
Team: default (orchestrator → architect + task_executor)
Stops at: 4 TRUE failures (timeouts/errors)
================================================================================

Tasks to run:
  L3: 6 tasks
    - bubble_sort: Implement bubble sort
    - binary_search: Implement binary search
    - json_parser: JSON file reader/writer
    - csv_processor: CSV data processing
    - cache_decorator: Memoization decorator
    - linked_list: Linked list data structure
  L4: 6 tasks
    - rest_api_mock: Mock REST API with Flask
    - sqlite_manager: SQLite database wrapper
    - async_downloader: Async file downloader
    - test_framework_basic: Mini testing framework
    - command_parser: CLI argument parser
    - config_loader: Configuration file loader
  L5: 5 tasks
    - blog_system: Simple blog with posts and comments
    - todo_app: Todo application with categories
    - inventory_system: Product inventory manager
    - url_shortener: URL shortener service
    - email_validator_service: Email validation and verification
  L6: 5 tasks
    - observer_pattern: Implement observer design pattern
    - factory_pattern: Implement factory design pattern
    - dependency_injection: Dependency injection container
    - plugin_system: Plugin architecture
    - event_bus: Event-driven architecture
  L7: 4 tasks
    - rate_limiter: Production-grade rate limiter
    - connection_pool: Database connection pooling
    - circuit_breaker: Circuit breaker pattern
    - distributed_cache: Distributed caching system

Total: 26 tasks

Running in non-interactive mode, proceeding automatically...


################################################################################
# Task 1/26
################################################################################

================================================================================
Running: L3 - bubble_sort
Description: Implement bubble sort
Workspace: /tmp/orch_L3_bubble_sort__uq0rabw
================================================================================

Command: /usr/local/bin/python3 /workspace/agent.py --team default --workspace /tmp/orch_L3_bubble_sort__uq0rabw Create sorting.py with bubble_sort(lst) function that sorts a list in ascending order
Timeout: 8 minutes
Starting at: 17:08:38


✅ L3 - bubble_sort: SUCCESS
   Duration: 196.5s
   Agent exit: ✓ (code 0)
   Files: ✓ (1/1)
   Validation: ✓ (1/1)
Results saved to: evaluation_results/orchestrator_l3_l7_incremental.json


################################################################################
# Task 2/26
################################################################################

================================================================================
Running: L3 - binary_search
Description: Implement binary search
Workspace: /tmp/orch_L3_binary_search_qshnsg_l
================================================================================

Command: /usr/local/bin/python3 /workspace/agent.py --team default --workspace /tmp/orch_L3_binary_search_qshnsg_l Create search.py with binary_search(lst, target) that returns index of target or -1
Timeout: 8 minutes
Starting at: 17:11:54


✅ L3 - binary_search: SUCCESS
   Duration: 104.1s
   Agent exit: ✓ (code 0)
   Files: ✓ (1/1)
   Validation: ✓ (1/1)
Results saved to: evaluation_results/orchestrator_l3_l7_incremental.json


################################################################################
# Task 3/26
################################################################################

================================================================================
Running: L3 - json_parser
Description: JSON file reader/writer
Workspace: /tmp/orch_L3_json_parser_wfes7mea
================================================================================

Command: /usr/local/bin/python3 /workspace/agent.py --team default --workspace /tmp/orch_L3_json_parser_wfes7mea Create json_utils.py with: load_json(path), save_json(path, data), get_value(data, key)
Timeout: 8 minutes
Starting at: 17:13:38


✅ L3 - json_parser: SUCCESS
   Duration: 149.2s
   Agent exit: ✓ (code 0)
   Files: ✓ (1/1)
   Validation: ✓ (1/1)
Results saved to: evaluation_results/orchestrator_l3_l7_incremental.json


################################################################################
# Task 4/26
################################################################################

================================================================================
Running: L3 - csv_processor
Description: CSV data processing
Workspace: /tmp/orch_L3_csv_processor_4awcvvkj
================================================================================

Command: /usr/local/bin/python3 /workspace/agent.py --team default --workspace /tmp/orch_L3_csv_processor_4awcvvkj Create csv_utils.py with: read_csv(path), write_csv(path, rows), filter_rows(rows, condition)
Timeout: 8 minutes
Starting at: 17:16:08


✅ L3 - csv_processor: SUCCESS
   Duration: 135.0s
   Agent exit: ✓ (code 0)
   Files: ✓ (1/1)
   Validation: ✓ (1/1)
Results saved to: evaluation_results/orchestrator_l3_l7_incremental.json


################################################################################
# Task 5/26
################################################################################

================================================================================
Running: L3 - cache_decorator
Description: Memoization decorator
Workspace: /tmp/orch_L3_cache_decorator_q_ghtkyo
================================================================================

Command: /usr/local/bin/python3 /workspace/agent.py --team default --workspace /tmp/orch_L3_cache_decorator_q_ghtkyo Create cache.py with @cache decorator that memoizes function results
Timeout: 8 minutes
Starting at: 17:18:23


❌ L3 - cache_decorator: FAILED
   Duration: 138.3s
   Agent exit: ✓ (code 0)
   Files: ✓ (1/1)
   Validation: ✗ (0/1)
   Failed validations:
      - python -c from cache import cache; @cache
def fib(n): return n if n<2 else fib(n-1)+fib(n-2)
assert fib(10)==55
Results saved to: evaluation_results/orchestrator_l3_l7_incremental.json


################################################################################
# Task 6/26
################################################################################

================================================================================
Running: L3 - linked_list
Description: Linked list data structure
Workspace: /tmp/orch_L3_linked_list_m4bvfbo1
================================================================================

Command: /usr/local/bin/python3 /workspace/agent.py --team default --workspace /tmp/orch_L3_linked_list_m4bvfbo1 Create linked_list.py with LinkedList class: append(val), remove(val), contains(val), to_list()
Timeout: 8 minutes
Starting at: 17:20:41


✅ L3 - linked_list: SUCCESS
   Duration: 86.6s
   Agent exit: ✓ (code 0)
   Files: ✓ (1/1)
   Validation: ✓ (1/1)
Results saved to: evaluation_results/orchestrator_l3_l7_incremental.json


################################################################################
# Task 7/26
################################################################################

================================================================================
Running: L4 - rest_api_mock
Description: Mock REST API with Flask
Workspace: /tmp/orch_L4_rest_api_mock_otk2515d
================================================================================

Command: /usr/local/bin/python3 /workspace/agent.py --team default --workspace /tmp/orch_L4_rest_api_mock_otk2515d Create api.py with Flask app having GET /users and POST /users endpoints with in-memory storage
Timeout: 10 minutes
Starting at: 17:22:08


❌ L4 - rest_api_mock: FAILED
   Duration: 449.7s
   Agent exit: ✓ (code 0)
   Files: ✗ (0/1)
   Validation: ✗ (0/1)
   Missing files: api.py
   Failed validations:
      - python -c from api import app; assert app is not None
Results saved to: evaluation_results/orchestrator_l3_l7_incremental.json

⚠️  True failure count: 1/4 (agent didn't complete work)


################################################################################
# Task 8/26
################################################################################

================================================================================
Running: L4 - sqlite_manager
Description: SQLite database wrapper
Workspace: /tmp/orch_L4_sqlite_manager_3umgnb8c
================================================================================

Command: /usr/local/bin/python3 /workspace/agent.py --team default --workspace /tmp/orch_L4_sqlite_manager_3umgnb8c Create db.py with Database class: create_table, insert, query, update, delete
Timeout: 10 minutes
Starting at: 17:29:37


❌ L4 - sqlite_manager: FAILED
   Duration: 230.6s
   Agent exit: ✓ (code 0)
   Files: ✓ (1/1)
   Validation: ✗ (0/1)
   Failed validations:
      - python -c from db import Database; db=Database(':memory:'); db.create_table('users', 'name TEXT, age INTEGER'); db.insert('users', {'name':'Alice','age':30}); rows=db.query('users'); assert len(rows)==1
Results saved to: evaluation_results/orchestrator_l3_l7_incremental.json


################################################################################
# Task 9/26
################################################################################

================================================================================
Running: L4 - async_downloader
Description: Async file downloader
Workspace: /tmp/orch_L4_async_downloader_hxul963u
================================================================================

Command: /usr/local/bin/python3 /workspace/agent.py --team default --workspace /tmp/orch_L4_async_downloader_hxul963u Create downloader.py with async download_file(url, path) and download_multiple(urls)
Timeout: 10 minutes
Starting at: 17:33:28


✅ L4 - async_downloader: SUCCESS
   Duration: 264.2s
   Agent exit: ✓ (code 0)
   Files: ✓ (1/1)
   Validation: ✓ (1/1)
Results saved to: evaluation_results/orchestrator_l3_l7_incremental.json


################################################################################
# Task 10/26
################################################################################

================================================================================
Running: L4 - test_framework_basic
Description: Mini testing framework
Workspace: /tmp/orch_L4_test_framework_basic_y_ovs_0l
================================================================================

Command: /usr/local/bin/python3 /workspace/agent.py --team default --workspace /tmp/orch_L4_test_framework_basic_y_ovs_0l Create test_framework.py with TestRunner class that can run test functions and report results
Timeout: 10 minutes
Starting at: 17:37:52


❌ L4 - test_framework_basic: FAILED
   Duration: 182.0s
   Agent exit: ✓ (code 0)
   Files: ✓ (1/1)
   Validation: ✗ (0/1)
   Failed validations:
      - python -c from test_framework import TestRunner; runner=TestRunner(); assert hasattr(runner, 'run')
Results saved to: evaluation_results/orchestrator_l3_l7_incremental.json


################################################################################
# Task 11/26
################################################################################

================================================================================
Running: L4 - command_parser
Description: CLI argument parser
Workspace: /tmp/orch_L4_command_parser_cc3usd2u
================================================================================

Command: /usr/local/bin/python3 /workspace/agent.py --team default --workspace /tmp/orch_L4_command_parser_cc3usd2u Create cli_parser.py with Parser class that parses command line arguments with flags and options
Timeout: 10 minutes
Starting at: 17:40:54


❌ L4 - command_parser: TIMEOUT after 10 minutes
Results saved to: evaluation_results/orchestrator_l3_l7_incremental.json

⚠️  True failure count: 2/4 (agent didn't complete work)


################################################################################
# Task 12/26
################################################################################

================================================================================
Running: L4 - config_loader
Description: Configuration file loader
Workspace: /tmp/orch_L4_config_loader_j8z905k0
================================================================================

Command: /usr/local/bin/python3 /workspace/agent.py --team default --workspace /tmp/orch_L4_config_loader_j8z905k0 Create config.py with Config class that loads YAML/JSON config files with environment variable interpolation
Timeout: 10 minutes
Starting at: 17:50:54


❌ L4 - config_loader: FAILED
   Duration: 66.3s
   Agent exit: ✓ (code 0)
   Files: ✗ (0/1)
   Validation: ✗ (0/1)
   Missing files: config.py
   Failed validations:
      - python -c from config import Config; c=Config(); assert hasattr(c, 'load')
Results saved to: evaluation_results/orchestrator_l3_l7_incremental.json

⚠️  True failure count: 3/4 (agent didn't complete work)


################################################################################
# Task 13/26
################################################################################

================================================================================
Running: L5 - blog_system
Description: Simple blog with posts and comments
Workspace: /tmp/orch_L5_blog_system_j0h7dqrq
================================================================================

Command: /usr/local/bin/python3 /workspace/agent.py --team default --workspace /tmp/orch_L5_blog_system_j0h7dqrq Create blog system: Post model, Comment model, BlogManager with CRUD operations, persistence to JSON
Timeout: 12 minutes
Starting at: 17:52:01


❌ L5 - blog_system: TIMEOUT after 12 minutes
Results saved to: evaluation_results/orchestrator_l3_l7_incremental.json

⚠️  True failure count: 4/4 (agent didn't complete work)

================================================================================
STOPPING: True failure count (4) reached threshold (4)
================================================================================

================================================================================
ORCHESTRATOR L3-L7 EVALUATION SUMMARY
================================================================================

Level 3:
  Success: 5/6 (83.3%)
  Tasks:
    ✅ bubble_sort (196.5s)
    ✅ binary_search (104.1s)
    ✅ json_parser (149.2s)
    ✅ csv_processor (135.0s)
    ❌ cache_decorator (138.3s)
    ✅ linked_list (86.6s)

Level 4:
  Success: 1/6 (16.7%)
  Tasks:
    ❌ rest_api_mock (449.7s)
    ❌ sqlite_manager (230.6s)
    ✅ async_downloader (264.2s)
    ❌ test_framework_basic (182.0s)
    ❌ command_parser (600.0s)
    ❌ config_loader (66.3s)

Level 5:
  Success: 0/1 (0.0%)
  Tasks:
    ❌ blog_system (720.0s)

================================================================================
OVERALL: 6/13 (46.2%) tasks successful
================================================================================

Results saved to: evaluation_results/orchestrator_l5_l7_20251113_180401.json

Evaluation complete!
Success rate: 46.2%
