================================================================================
ORCHESTRATOR L5-L7 EVALUATION
================================================================================
Start time: 2025-11-12 22:52:08
Team: default (orchestrator → architect + task_executor)
================================================================================

Tasks to run:
  L5: 5 tasks
    - blog_system: Simple blog with posts and comments
    - todo_app: Todo application with categories
    - inventory_system: Product inventory manager
    - url_shortener: URL shortener service
    - email_validator_service: Email validation and verification
  L6: 5 tasks
    - observer_pattern: Implement observer design pattern
    - factory_pattern: Implement factory design pattern
    - dependency_injection: Dependency injection container
    - plugin_system: Plugin architecture
    - event_bus: Event-driven architecture
  L7: 4 tasks
    - rate_limiter: Production-grade rate limiter
    - connection_pool: Database connection pooling
    - circuit_breaker: Circuit breaker pattern
    - distributed_cache: Distributed caching system

Total: 14 tasks

Running in non-interactive mode, proceeding automatically...


################################################################################
# Task 1/14
################################################################################

================================================================================
Running: L5 - blog_system
Description: Simple blog with posts and comments
Workspace: /tmp/orch_L5_blog_system_i00hrhrw
================================================================================

Command: /usr/local/bin/python /workspace/agent.py --team default --workspace /tmp/orch_L5_blog_system_i00hrhrw Create blog system: Post model, Comment model, BlogManager with CRUD operations, persistence to JSON
Timeout: 12 minutes
Starting at: 22:52:08


❌ L5 - blog_system: TIMEOUT after 12 minutes

⚠️  Failure count: 1/4
Results saved to: evaluation_results/orchestrator_l5_l7_incremental.json


################################################################################
# Task 2/14
################################################################################

================================================================================
Running: L5 - todo_app
Description: Todo application with categories
Workspace: /tmp/orch_L5_todo_app_qdpryie8
================================================================================

Command: /usr/local/bin/python /workspace/agent.py --team default --workspace /tmp/orch_L5_todo_app_qdpryie8 Create todo app: Todo model, Category model, TodoManager with filtering, sorting, and JSON persistence
Timeout: 12 minutes
Starting at: 23:04:08


❌ L5 - todo_app: TIMEOUT after 12 minutes

⚠️  Failure count: 2/4
Results saved to: evaluation_results/orchestrator_l5_l7_incremental.json


################################################################################
# Task 3/14
################################################################################

================================================================================
Running: L5 - inventory_system
Description: Product inventory manager
Workspace: /tmp/orch_L5_inventory_system_ra4vaddy
================================================================================

Command: /usr/local/bin/python /workspace/agent.py --team default --workspace /tmp/orch_L5_inventory_system_ra4vaddy Create inventory system: Product model, Inventory class with add/remove/search, low-stock alerts, CSV export
Timeout: 12 minutes
Starting at: 23:16:08


❌ L5 - inventory_system: FAILED
   Duration: 318.9s
   Agent exit: ✓ (code 0)
   Files: ✗ (2/3)
   Validation: ✗ (0/1)
   Missing files: alerts.py
   Failed validations:
      - python -c from inventory import Inventory; inv=Inventory(); inv.add_product('Widget', 10, 2.5); assert len(inv.get_products())==1

⚠️  Failure count: 3/4
Results saved to: evaluation_results/orchestrator_l5_l7_incremental.json


################################################################################
# Task 4/14
################################################################################

================================================================================
Running: L5 - url_shortener
Description: URL shortener service
Workspace: /tmp/orch_L5_url_shortener_7_7nlaxg
================================================================================

Command: /usr/local/bin/python /workspace/agent.py --team default --workspace /tmp/orch_L5_url_shortener_7_7nlaxg Create URL shortener: generate short codes, store mappings, redirect lookup, statistics tracking
Timeout: 12 minutes
Starting at: 23:21:27


❌ L5 - url_shortener: TIMEOUT after 12 minutes

⚠️  Failure count: 4/4
Results saved to: evaluation_results/orchestrator_l5_l7_incremental.json


################################################################################
# Task 5/14
################################################################################

================================================================================
Running: L5 - email_validator_service
Description: Email validation and verification
Workspace: /tmp/orch_L5_email_validator_service_mu3izubc
================================================================================

Command: /usr/local/bin/python /workspace/agent.py --team default --workspace /tmp/orch_L5_email_validator_service_mu3izubc Create email service: syntax validation, domain verification, disposable email detection, bulk validation
Timeout: 12 minutes
Starting at: 23:33:27


❌ L5 - email_validator_service: TIMEOUT after 12 minutes

⚠️  Failure count: 5/4
Results saved to: evaluation_results/orchestrator_l5_l7_incremental.json

================================================================================
STOPPING: Failure count (5) exceeded threshold (4)
================================================================================

================================================================================
ORCHESTRATOR L5-L7 EVALUATION SUMMARY
================================================================================

Level 5:
  Success: 0/5 (0.0%)
  Tasks:
    ❌ blog_system (720.0s)
    ❌ todo_app (720.0s)
    ❌ inventory_system (318.9s)
    ❌ url_shortener (720.0s)
    ❌ email_validator_service (720.0s)

================================================================================
OVERALL: 0/5 (0.0%) tasks successful
================================================================================

Results saved to: evaluation_results/orchestrator_l5_l7_20251112_234527.json

Evaluation complete!
Success rate: 0.0%
