================================================================================
ORCHESTRATOR L3-L7 EVALUATION
================================================================================
Start time: 2025-11-13 01:22:15
Team: default (orchestrator → architect + task_executor)
Stops at: 4 TRUE failures (timeouts/errors)
================================================================================

Tasks to run:
  L3: 6 tasks
    - bubble_sort: Implement bubble sort
    - binary_search: Implement binary search
    - json_parser: JSON file reader/writer
    - csv_processor: CSV data processing
    - cache_decorator: Memoization decorator
    - linked_list: Linked list data structure
  L4: 6 tasks
    - rest_api_mock: Mock REST API with Flask
    - sqlite_manager: SQLite database wrapper
    - async_downloader: Async file downloader
    - test_framework_basic: Mini testing framework
    - command_parser: CLI argument parser
    - config_loader: Configuration file loader
  L5: 5 tasks
    - blog_system: Simple blog with posts and comments
    - todo_app: Todo application with categories
    - inventory_system: Product inventory manager
    - url_shortener: URL shortener service
    - email_validator_service: Email validation and verification
  L6: 5 tasks
    - observer_pattern: Implement observer design pattern
    - factory_pattern: Implement factory design pattern
    - dependency_injection: Dependency injection container
    - plugin_system: Plugin architecture
    - event_bus: Event-driven architecture
  L7: 4 tasks
    - rate_limiter: Production-grade rate limiter
    - connection_pool: Database connection pooling
    - circuit_breaker: Circuit breaker pattern
    - distributed_cache: Distributed caching system

Total: 26 tasks

Running in non-interactive mode, proceeding automatically...


################################################################################
# Task 1/26
################################################################################

================================================================================
Running: L3 - bubble_sort
Description: Implement bubble sort
Workspace: /tmp/orch_L3_bubble_sort_c9oa02r2
================================================================================

Command: /usr/local/bin/python3 /workspace/agent.py --team default --workspace /tmp/orch_L3_bubble_sort_c9oa02r2 Create sorting.py with bubble_sort(lst) function that sorts a list in ascending order
Timeout: 8 minutes
Starting at: 01:22:15


❌ L3 - bubble_sort: FAILED
   Duration: 19.1s
   Agent exit: ✓ (code 0)
   Files: ✗ (0/1)
   Validation: ✗ (0/1)
   Missing files: sorting.py
   Failed validations:
      - python -c from sorting import bubble_sort; assert bubble_sort([3,1,4,1,5,9,2,6])==[1,1,2,3,4,5,6,9]
Results saved to: evaluation_results/orchestrator_l3_l7_incremental.json

⚠️  True failure count: 1/4 (agent didn't complete work)


################################################################################
# Task 2/26
################################################################################

================================================================================
Running: L3 - binary_search
Description: Implement binary search
Workspace: /tmp/orch_L3_binary_search_13v9yexf
================================================================================

Command: /usr/local/bin/python3 /workspace/agent.py --team default --workspace /tmp/orch_L3_binary_search_13v9yexf Create search.py with binary_search(lst, target) that returns index of target or -1
Timeout: 8 minutes
Starting at: 01:22:35


✅ L3 - binary_search: SUCCESS
   Duration: 115.8s
   Agent exit: ✓ (code 0)
   Files: ✓ (1/1)
   Validation: ✓ (1/1)
Results saved to: evaluation_results/orchestrator_l3_l7_incremental.json


################################################################################
# Task 3/26
################################################################################

================================================================================
Running: L3 - json_parser
Description: JSON file reader/writer
Workspace: /tmp/orch_L3_json_parser_ckqkhf39
================================================================================

Command: /usr/local/bin/python3 /workspace/agent.py --team default --workspace /tmp/orch_L3_json_parser_ckqkhf39 Create json_utils.py with: load_json(path), save_json(path, data), get_value(data, key)
Timeout: 8 minutes
Starting at: 01:24:30


❌ L3 - json_parser: FAILED
   Duration: 21.3s
   Agent exit: ✓ (code 0)
   Files: ✗ (0/1)
   Validation: ✗ (0/1)
   Missing files: json_utils.py
   Failed validations:
      - python -c from json_utils import save_json, load_json; save_json('test.json', {'name':'Alice'}); data=load_json('test.json'); assert data['name']=='Alice'
Results saved to: evaluation_results/orchestrator_l3_l7_incremental.json

⚠️  True failure count: 2/4 (agent didn't complete work)


################################################################################
# Task 4/26
################################################################################

================================================================================
Running: L3 - csv_processor
Description: CSV data processing
Workspace: /tmp/orch_L3_csv_processor_26dcb67l
================================================================================

Command: /usr/local/bin/python3 /workspace/agent.py --team default --workspace /tmp/orch_L3_csv_processor_26dcb67l Create csv_utils.py with: read_csv(path), write_csv(path, rows), filter_rows(rows, condition)
Timeout: 8 minutes
Starting at: 01:24:52


❌ L3 - csv_processor: FAILED
   Duration: 197.3s
   Agent exit: ✓ (code 0)
   Files: ✓ (1/1)
   Validation: ✗ (0/1)
   Failed validations:
      - python -c from csv_utils import write_csv, read_csv; write_csv('test.csv', [['name','age'],['Alice','30']]); rows=read_csv('test.csv'); assert len(rows)==2
Results saved to: evaluation_results/orchestrator_l3_l7_incremental.json


################################################################################
# Task 5/26
################################################################################

================================================================================
Running: L3 - cache_decorator
Description: Memoization decorator
Workspace: /tmp/orch_L3_cache_decorator_io4kmylf
================================================================================

Command: /usr/local/bin/python3 /workspace/agent.py --team default --workspace /tmp/orch_L3_cache_decorator_io4kmylf Create cache.py with @cache decorator that memoizes function results
Timeout: 8 minutes
Starting at: 01:28:09


❌ L3 - cache_decorator: FAILED
   Duration: 477.1s
   Agent exit: ✓ (code 0)
   Files: ✓ (1/1)
   Validation: ✗ (0/1)
   Failed validations:
      - python -c from cache import cache; @cache
def fib(n): return n if n<2 else fib(n-1)+fib(n-2)
assert fib(10)==55
Results saved to: evaluation_results/orchestrator_l3_l7_incremental.json


################################################################################
# Task 6/26
################################################################################

================================================================================
Running: L3 - linked_list
Description: Linked list data structure
Workspace: /tmp/orch_L3_linked_list_srp4solm
================================================================================

Command: /usr/local/bin/python3 /workspace/agent.py --team default --workspace /tmp/orch_L3_linked_list_srp4solm Create linked_list.py with LinkedList class: append(val), remove(val), contains(val), to_list()
Timeout: 8 minutes
Starting at: 01:36:06


❌ L3 - linked_list: FAILED
   Duration: 16.2s
   Agent exit: ✓ (code 0)
   Files: ✗ (0/1)
   Validation: ✗ (0/1)
   Missing files: linked_list.py
   Failed validations:
      - python -c from linked_list import LinkedList; ll=LinkedList(); ll.append(1); ll.append(2); ll.append(3); assert ll.to_list()==[1,2,3]; assert ll.contains(2)
Results saved to: evaluation_results/orchestrator_l3_l7_incremental.json

⚠️  True failure count: 3/4 (agent didn't complete work)


################################################################################
# Task 7/26
################################################################################

================================================================================
Running: L4 - rest_api_mock
Description: Mock REST API with Flask
Workspace: /tmp/orch_L4_rest_api_mock_70iogjz2
================================================================================

Command: /usr/local/bin/python3 /workspace/agent.py --team default --workspace /tmp/orch_L4_rest_api_mock_70iogjz2 Create api.py with Flask app having GET /users and POST /users endpoints with in-memory storage
Timeout: 10 minutes
Starting at: 01:36:22


❌ L4 - rest_api_mock: TIMEOUT after 10 minutes
Results saved to: evaluation_results/orchestrator_l3_l7_incremental.json

⚠️  True failure count: 4/4 (agent didn't complete work)

================================================================================
STOPPING: True failure count (4) reached threshold (4)
================================================================================

================================================================================
ORCHESTRATOR L3-L7 EVALUATION SUMMARY
================================================================================

Level 3:
  Success: 1/6 (16.7%)
  Tasks:
    ❌ bubble_sort (19.1s)
    ✅ binary_search (115.8s)
    ❌ json_parser (21.3s)
    ❌ csv_processor (197.3s)
    ❌ cache_decorator (477.1s)
    ❌ linked_list (16.2s)

Level 4:
  Success: 0/1 (0.0%)
  Tasks:
    ❌ rest_api_mock (600.0s)

================================================================================
OVERALL: 1/7 (14.3%) tasks successful
================================================================================

Results saved to: evaluation_results/orchestrator_l5_l7_20251113_014622.json

Evaluation complete!
Success rate: 14.3%
