
============================================================
PHASE 1: BASELINE VALIDATION
============================================================
Testing MetaProgrammer's ability to generate:
- 3 simple behaviors (no hooks)
- 2 simple agents (standard behaviors)


============================================================
Running: Test 1.1: HttpRequestBehavior
============================================================

❌ FAIL: Test 1.1: HttpRequestBehavior (29.0s)
  Last error output:
Traceback (most recent call last):
  File "/workspace/tests/test_meta_1_1_http_request_behavior.py", line 247, in <module>
    success = test_generate_http_request_behavior()
              ^^^^^^^^^^^^^^^^^^^^^^^^^^^^^^^^^^^^^
  File "/workspace/tests/test_meta_1_1_http_request_behavior.py", line 186, in test_generate_http_request_behavior
    pytest.fail(f"Generated tests failed: {test_output}")
  File "/usr/local/lib/python3.11/site-packages/_pytest/outcomes.py", line 166, in fail
    raise Fa

============================================================
Running: Test 1.2: JsonToolsBehavior
============================================================

❌ FAIL: Test 1.2: JsonToolsBehavior (27.7s)
  Last error output:
Traceback (most recent call last):
  File "/workspace/tests/test_meta_1_2_json_tools_behavior.py", line 217, in <module>
    success = test_generate_json_tools_behavior()
              ^^^^^^^^^^^^^^^^^^^^^^^^^^^^^^^^^^^
  File "/workspace/tests/test_meta_1_2_json_tools_behavior.py", line 160, in test_generate_json_tools_behavior
    pytest.fail(f"Tests failed: {test_output}")
  File "/usr/local/lib/python3.11/site-packages/_pytest/outcomes.py", line 166, in fail
    raise Failed(msg=reason, pyt

============================================================
Running: Test 1.3: EnvironmentBehavior
============================================================

❌ FAIL: Test 1.3: EnvironmentBehavior (22.0s)
  Last error output:
Traceback (most recent call last):
  File "/workspace/tests/test_meta_1_3_environment_behavior.py", line 229, in <module>
    success = test_generate_environment_behavior()
              ^^^^^^^^^^^^^^^^^^^^^^^^^^^^^^^^^^^^
  File "/workspace/tests/test_meta_1_3_environment_behavior.py", line 146, in test_generate_environment_behavior
    pytest.fail(f"Tests failed: {test_result.get('output')}")
  File "/usr/local/lib/python3.11/site-packages/_pytest/outcomes.py", line 166, in fail
    raise Fai

============================================================
Running: Test 3.2: DocGeneratorAgent
============================================================

❌ FAIL: Test 3.2: DocGeneratorAgent (0.4s)
  Last error output:
Traceback (most recent call last):
  File "/workspace/tests/test_meta_3_2_doc_generator_agent.py", line 232, in <module>
    success = test_generate_doc_generator_agent()
              ^^^^^^^^^^^^^^^^^^^^^^^^^^^^^^^^^^^
  File "/workspace/tests/test_meta_3_2_doc_generator_agent.py", line 132, in test_generate_doc_generator_agent
    pytest.fail(f"Validation failed: {issues}")
  File "/usr/local/lib/python3.11/site-packages/_pytest/outcomes.py", line 166, in fail
    raise Failed(msg=reason, pyt

============================================================
Running: Test 3.3: TestGeneratorAgent
============================================================

❌ FAIL: Test 3.3: TestGeneratorAgent (0.4s)
  Last error output:
Traceback (most recent call last):
  File "/workspace/tests/test_meta_3_3_test_generator_agent.py", line 227, in <module>
    success = test_generate_test_generator_agent()
              ^^^^^^^^^^^^^^^^^^^^^^^^^^^^^^^^^^^^
  File "/workspace/tests/test_meta_3_3_test_generator_agent.py", line 135, in test_generate_test_generator_agent
    pytest.fail(f"Validation failed: {validation_result.get('issues')}")
  File "/usr/local/lib/python3.11/site-packages/_pytest/outcomes.py", line 166, in fail
  

============================================================
PHASE 1 SUMMARY
============================================================

Results: 0/5 tests passed
Duration: 79.5s

❌ Test 1.1: HttpRequestBehavior: 29.0s
❌ Test 1.2: JsonToolsBehavior: 27.7s
❌ Test 1.3: EnvironmentBehavior: 22.0s
❌ Test 3.2: DocGeneratorAgent: 0.4s
❌ Test 3.3: TestGeneratorAgent: 0.4s

Success Gate (4/5): ❌ FAIL

Detailed results saved to: evaluation_results/phase1_test_results.json

============================================================
GENERATED ARTIFACTS
============================================================

Behaviors:
  ✓ HttpRequestBehavior.py
  ✓ JsonToolsBehavior.py
  ✓ EnvironmentBehavior.py

Agent Configs:
  ✗ DocGeneratorAgent.yaml
  ✗ TestGeneratorAgent.yaml

❌ PHASE 1 INCOMPLETE - Review failures before proceeding
